[    0.000000] Linux version 4.15.0-200-generic (buildd@lcy02-amd64-069) (gcc version 7.5.0 (Ubuntu 7.5.0-3ubuntu1~18.04)) #211-Ubuntu SMP Thu Nov 24 18:16:04 UTC 2022 (Ubuntu 4.15.0-200.211-generic 4.15.18)
[    0.000000] Command line: BOOT_IMAGE=/boot/vmlinuz-4.15.0-200-generic root=LABEL=cloudimg-rootfs ro console=tty1 console=ttyS0
[    0.000000] KERNEL supported cpus:
[    0.000000]   Intel GenuineIntel
[    0.000000]   AMD AuthenticAMD
[    0.000000]   Centaur CentaurHauls
[    0.000000] x86/fpu: x87 FPU will use FXSAVE
[    0.000000] e820: BIOS-provided physical RAM map:
[    0.000000] BIOS-e820: [mem 0x0000000000000000-0x000000000009fbff] usable
[    0.000000] BIOS-e820: [mem 0x000000000009fc00-0x000000000009ffff] reserved
[    0.000000] BIOS-e820: [mem 0x00000000000f0000-0x00000000000fffff] reserved
[    0.000000] BIOS-e820: [mem 0x0000000000100000-0x00000000dffeffff] usable
[    0.000000] BIOS-e820: [mem 0x00000000dfff0000-0x00000000dfffffff] ACPI data
[    0.000000] BIOS-e820: [mem 0x00000000fec00000-0x00000000fec00fff] reserved
[    0.000000] BIOS-e820: [mem 0x00000000fee00000-0x00000000fee00fff] reserved
[    0.000000] BIOS-e820: [mem 0x00000000fffc0000-0x00000000ffffffff] reserved
[    0.000000] BIOS-e820: [mem 0x0000000100000000-0x000000011fffffff] usable
[    0.000000] NX (Execute Disable) protection: active
[    0.000000] SMBIOS 2.5 present.
[    0.000000] DMI: innotek GmbH VirtualBox/VirtualBox, BIOS VirtualBox 12/01/2006
[    0.000000] Hypervisor detected: KVM
[    0.000000] e820: last_pfn = 0x120000 max_arch_pfn = 0x400000000
[    0.000000] MTRR: Disabled
[    0.000000] x86/PAT: MTRRs disabled, skipping PAT initialization too.
[    0.000000] CPU MTRRs all blank - virtualized system.
[    0.000000] x86/PAT: Configuration [0-7]: WB  WT  UC- UC  WB  WT  UC- UC  
[    0.000000] e820: last_pfn = 0xdfff0 max_arch_pfn = 0x400000000
[    0.000000] found SMP MP-table at [mem 0x0009fff0-0x0009ffff]
[    0.000000] Scanning 1 areas for low memory corruption
[    0.000000] RAMDISK: [mem 0x359c9000-0x36cdbfff]
[    0.000000] ACPI: Early table checksum verification disabled
[    0.000000] ACPI: RSDP 0x00000000000E0000 000024 (v02 VBOX  )
[    0.000000] ACPI: XSDT 0x00000000DFFF0030 00003C (v01 VBOX   VBOXXSDT 00000001 ASL  00000061)
[    0.000000] ACPI: FACP 0x00000000DFFF00F0 0000F4 (v04 VBOX   VBOXFACP 00000001 ASL  00000061)
[    0.000000] ACPI: DSDT 0x00000000DFFF0470 002325 (v02 VBOX   VBOXBIOS 00000002 INTL 20100528)
[    0.000000] ACPI: FACS 0x00000000DFFF0200 000040
[    0.000000] ACPI: FACS 0x00000000DFFF0200 000040
[    0.000000] ACPI: APIC 0x00000000DFFF0240 00005C (v02 VBOX   VBOXAPIC 00000001 ASL  00000061)
[    0.000000] ACPI: SSDT 0x00000000DFFF02A0 0001CC (v01 VBOX   VBOXCPUT 00000002 INTL 20100528)
[    0.000000] ACPI: Reserving FACP table memory at [mem 0xdfff00f0-0xdfff01e3]
[    0.000000] ACPI: Reserving DSDT table memory at [mem 0xdfff0470-0xdfff2794]
[    0.000000] ACPI: Reserving FACS table memory at [mem 0xdfff0200-0xdfff023f]
[    0.000000] ACPI: Reserving FACS table memory at [mem 0xdfff0200-0xdfff023f]
[    0.000000] ACPI: Reserving APIC table memory at [mem 0xdfff0240-0xdfff029b]
[    0.000000] ACPI: Reserving SSDT table memory at [mem 0xdfff02a0-0xdfff046b]
[    0.000000] No NUMA configuration found
[    0.000000] Faking a node at [mem 0x0000000000000000-0x000000011fffffff]
[    0.000000] NODE_DATA(0) allocated [mem 0x11ffd1000-0x11fffbfff]
[    0.000000] kvm-clock: cpu 0, msr 1:1ff50001, primary cpu clock
[    0.000000] kvm-clock: Using msrs 4b564d01 and 4b564d00
[    0.000000] kvm-clock: using sched offset of 3901018938 cycles
[    0.000000] clocksource: kvm-clock: mask: 0xffffffffffffffff max_cycles: 0x1cd42e4dffb, max_idle_ns: 881590591483 ns
[    0.000000] Zone ranges:
[    0.000000]   DMA      [mem 0x0000000000001000-0x0000000000ffffff]
[    0.000000]   DMA32    [mem 0x0000000001000000-0x00000000ffffffff]
[    0.000000]   Normal   [mem 0x0000000100000000-0x000000011fffffff]
[    0.000000]   Device   empty
[    0.000000] Movable zone start for each node
[    0.000000] Early memory node ranges
[    0.000000]   node   0: [mem 0x0000000000001000-0x000000000009efff]
[    0.000000]   node   0: [mem 0x0000000000100000-0x00000000dffeffff]
[    0.000000]   node   0: [mem 0x0000000100000000-0x000000011fffffff]
[    0.000000] Reserved but unavailable: 104 pages
[    0.000000] Initmem setup node 0 [mem 0x0000000000001000-0x000000011fffffff]
[    0.000000] ACPI: PM-Timer IO Port: 0x4008
[    0.000000] IOAPIC[0]: apic_id 2, version 32, address 0xfec00000, GSI 0-23
[    0.000000] ACPI: INT_SRC_OVR (bus 0 bus_irq 0 global_irq 2 dfl dfl)
[    0.000000] ACPI: INT_SRC_OVR (bus 0 bus_irq 9 global_irq 9 low level)
[    0.000000] Using ACPI (MADT) for SMP configuration information
[    0.000000] smpboot: Allowing 2 CPUs, 0 hotplug CPUs
[    0.000000] PM: Registered nosave memory: [mem 0x00000000-0x00000fff]
[    0.000000] PM: Registered nosave memory: [mem 0x0009f000-0x0009ffff]
[    0.000000] PM: Registered nosave memory: [mem 0x000a0000-0x000effff]
[    0.000000] PM: Registered nosave memory: [mem 0x000f0000-0x000fffff]
[    0.000000] PM: Registered nosave memory: [mem 0xdfff0000-0xdfffffff]
[    0.000000] PM: Registered nosave memory: [mem 0xe0000000-0xfebfffff]
[    0.000000] PM: Registered nosave memory: [mem 0xfec00000-0xfec00fff]
[    0.000000] PM: Registered nosave memory: [mem 0xfec01000-0xfedfffff]
[    0.000000] PM: Registered nosave memory: [mem 0xfee00000-0xfee00fff]
[    0.000000] PM: Registered nosave memory: [mem 0xfee01000-0xfffbffff]
[    0.000000] PM: Registered nosave memory: [mem 0xfffc0000-0xffffffff]
[    0.000000] e820: [mem 0xe0000000-0xfebfffff] available for PCI devices
[    0.000000] Booting paravirtualized kernel on KVM
[    0.000000] clocksource: refined-jiffies: mask: 0xffffffff max_cycles: 0xffffffff, max_idle_ns: 7645519600211568 ns
[    0.000000] setup_percpu: NR_CPUS:8192 nr_cpumask_bits:2 nr_cpu_ids:2 nr_node_ids:1
[    0.000000] percpu: Embedded 50 pages/cpu s167936 r8192 d28672 u1048576
[    0.000000] PV qspinlock hash table entries: 256 (order: 0, 4096 bytes)
[    0.000000] Built 1 zonelists, mobility grouping on.  Total pages: 1032057
[    0.000000] Policy zone: Normal
[    0.000000] Kernel command line: BOOT_IMAGE=/boot/vmlinuz-4.15.0-200-generic root=LABEL=cloudimg-rootfs ro console=tty1 console=ttyS0
[    0.000000] Memory: 4013256K/4193848K available (12300K kernel code, 2477K rwdata, 4320K rodata, 2472K init, 2720K bss, 180592K reserved, 0K cma-reserved)
[    0.000000] SLUB: HWalign=64, Order=0-3, MinObjects=0, CPUs=2, Nodes=1
[    0.000000] ftrace: allocating 39478 entries in 155 pages
[    0.004000] Hierarchical RCU implementation.
[    0.004000] 	RCU restricting CPUs from NR_CPUS=8192 to nr_cpu_ids=2.
[    0.004000] 	Tasks RCU enabled.
[    0.004000] RCU: Adjusting geometry for rcu_fanout_leaf=16, nr_cpu_ids=2
[    0.004000] NR_IRQS: 524544, nr_irqs: 440, preallocated irqs: 16
[    0.004000] Console: colour VGA+ 80x25
[    0.004000] console [tty1] enabled
[    0.004000] console [ttyS0] enabled
[    0.004000] ACPI: Core revision 20170831
[    0.004000] ACPI: 2 ACPI AML tables successfully acquired and loaded
[    0.004000] APIC: Switch to symmetric I/O mode setup
[    0.004000] ..TIMER: vector=0x30 apic1=0 pin1=2 apic2=-1 pin2=-1
[    0.004008] tsc: Detected 2803.198 MHz processor
[    0.008022] Calibrating delay loop (skipped) preset value.. 5606.39 BogoMIPS (lpj=11212792)
[    0.012004] pid_max: default: 32768 minimum: 301
[    0.015351] Security Framework initialized
[    0.016008] Yama: becoming mindful.
[    0.020320] AppArmor: AppArmor initialized
[    0.038772] Dentry cache hash table entries: 524288 (order: 10, 4194304 bytes)
[    0.046385] Inode-cache hash table entries: 262144 (order: 9, 2097152 bytes)
[    0.048189] Mount-cache hash table entries: 8192 (order: 4, 65536 bytes)
[    0.052190] Mountpoint-cache hash table entries: 8192 (order: 4, 65536 bytes)
[    0.057281] Last level iTLB entries: 4KB 0, 2MB 0, 4MB 0
[    0.060004] Last level dTLB entries: 4KB 0, 2MB 0, 4MB 0, 1GB 0
[    0.064006] Spectre V1 : Mitigation: usercopy/swapgs barriers and __user pointer sanitization
[    0.068005] Spectre V2 : Mitigation: Enhanced IBRS
[    0.072005] Spectre V2 : Spectre v2 / SpectreRSB mitigation: Filling RSB on context switch
[    0.076005] Speculative Store Bypass: Vulnerable
[    0.080200] Freeing SMP alternatives memory: 36K
[    0.197267] smpboot: CPU0: 11th Gen Intel(R) Core(TM) i7-1165G7 @ 2.80GHz (family: 0x6, model: 0x8c, stepping: 0x1)
[    0.200361] Performance Events: unsupported p6 CPU model 140 no PMU driver, software events only.
[    0.204083] Hierarchical SRCU implementation.
[    0.208614] NMI watchdog: Perf event create on CPU 0 failed with -2
[    0.212002] NMI watchdog: Perf NMI watchdog permanently disabled
[    0.216205] smp: Bringing up secondary CPUs ...
[    0.220656] x86: Booting SMP configuration:
[    0.224003] .... node  #0, CPUs:      #1
[    0.004000] kvm-clock: cpu 1, msr 1:1ff50041, secondary cpu clock
[    0.239382] TSC synchronization [CPU#0 -> CPU#1]:
[    0.240000] Measured 62298 cycles TSC warp between CPUs, turning off TSC clock.
[    0.240000] tsc: Marking TSC unstable due to check_tsc_sync_source failed
[    0.240253] smp: Brought up 1 node, 2 CPUs
[    0.244008] smpboot: Max logical packages: 1
[    0.248016] smpboot: Total of 2 processors activated (11212.79 BogoMIPS)
[    0.252478] devtmpfs: initialized
[    0.256098] x86/mm: Memory block size: 128MB
[    0.260776] evm: security.selinux
[    0.264006] evm: security.SMACK64
[    0.266166] evm: security.SMACK64EXEC
[    0.268007] evm: security.SMACK64TRANSMUTE
[    0.272002] evm: security.SMACK64MMAP
[    0.274465] evm: security.apparmor
[    0.276002] evm: security.ima
[    0.278027] evm: security.capability
[    0.284141] clocksource: jiffies: mask: 0xffffffff max_cycles: 0xffffffff, max_idle_ns: 7645041785100000 ns
[    0.288034] futex hash table entries: 512 (order: 3, 32768 bytes)
[    0.292119] pinctrl core: initialized pinctrl subsystem
[    0.296487] RTC time: 10:19:46, date: 12/08/22
[    0.305250] NET: Registered protocol family 16
[    0.312209] audit: initializing netlink subsys (disabled)
[    0.316231] audit: type=2000 audit(1670494791.563:1): state=initialized audit_enabled=0 res=1
[    0.324009] cpuidle: using governor ladder
[    0.328006] cpuidle: using governor menu
[    0.330435] ACPI: bus type PCI registered
[    0.332006] acpiphp: ACPI Hot Plug PCI Controller Driver version: 0.5
[    0.336449] PCI: Using configuration type 1 for base access
[    0.345737] HugeTLB registered 2.00 MiB page size, pre-allocated 0 pages
[    0.352473] ACPI: Added _OSI(Module Device)
[    0.356008] ACPI: Added _OSI(Processor Device)
[    0.359070] ACPI: Added _OSI(3.0 _SCP Extensions)
[    0.360003] ACPI: Added _OSI(Processor Aggregator Device)
[    0.364008] ACPI: Added _OSI(Linux-Dell-Video)
[    0.366902] ACPI: Added _OSI(Linux-Lenovo-NV-HDMI-Audio)
[    0.368003] ACPI: Added _OSI(Linux-HPI-Hybrid-Graphics)
[    0.372715] ACPI: Executed 1 blocks of module-level executable AML code
[    0.386260] ACPI: Interpreter enabled
[    0.388013] ACPI: (supports S0 S5)
[    0.390512] ACPI: Using IOAPIC for interrupt routing
[    0.396363] PCI: Using host bridge windows from ACPI; if necessary, use "pci=nocrs" and report a bug
[    0.400522] ACPI: Enabled 2 GPEs in block 00 to 07
[    0.426417] ACPI: PCI Root Bridge [PCI0] (domain 0000 [bus 00-ff])
[    0.428019] acpi PNP0A03:00: _OSC: OS supports [ASPM ClockPM Segments MSI]
[    0.436541] acpi PNP0A03:00: _OSC: not requesting OS control; OS requires [ExtendedConfig ASPM ClockPM MSI]
[    0.440040] acpi PNP0A03:00: fail to add MMCONFIG information, can't access extended PCI configuration space under this bridge.
[    0.444974] PCI host bridge to bus 0000:00
[    0.448014] pci_bus 0000:00: root bus resource [io  0x0000-0x0cf7 window]
[    0.452014] pci_bus 0000:00: root bus resource [io  0x0d00-0xffff window]
[    0.456015] pci_bus 0000:00: root bus resource [mem 0x000a0000-0x000bffff window]
[    0.460012] pci_bus 0000:00: root bus resource [mem 0xe0000000-0xfdffffff window]
[    0.464013] pci_bus 0000:00: root bus resource [bus 00-ff]
[    0.476006] pci 0000:00:01.1: legacy IDE quirk: reg 0x10: [io  0x01f0-0x01f7]
[    0.480013] pci 0000:00:01.1: legacy IDE quirk: reg 0x14: [io  0x03f6]
[    0.484013] pci 0000:00:01.1: legacy IDE quirk: reg 0x18: [io  0x0170-0x0177]
[    0.488010] pci 0000:00:01.1: legacy IDE quirk: reg 0x1c: [io  0x0376]
[    0.512416] pci 0000:00:07.0: quirk: [io  0x4000-0x403f] claimed by PIIX4 ACPI
[    0.516036] pci 0000:00:07.0: quirk: [io  0x4100-0x410f] claimed by PIIX4 SMB
[    0.529561] ACPI: PCI Interrupt Link [LNKA] (IRQs 5 9 10 *11)
[    0.532973] ACPI: PCI Interrupt Link [LNKB] (IRQs 5 9 *10 11)
[    0.536148] ACPI: PCI Interrupt Link [LNKC] (IRQs 5 *9 10 11)
[    0.540166] ACPI: PCI Interrupt Link [LNKD] (IRQs 5 9 10 *11)
[    0.544552] SCSI subsystem initialized
[    0.548366] pci 0000:00:02.0: vgaarb: setting as boot VGA device
[    0.551388] pci 0000:00:02.0: vgaarb: VGA device added: decodes=io+mem,owns=io+mem,locks=none
[    0.552006] pci 0000:00:02.0: vgaarb: bridge control possible
[    0.556002] vgaarb: loaded
[    0.560076] ACPI: bus type USB registered
[    0.563253] usbcore: registered new interface driver usbfs
[    0.564073] usbcore: registered new interface driver hub
[    0.568026] usbcore: registered new device driver usb
[    0.572523] EDAC MC: Ver: 3.0.0
[    0.576648] PCI: Using ACPI for IRQ routing
[    0.580722] NetLabel: Initializing
[    0.583036] NetLabel:  domain hash size = 128
[    0.584002] NetLabel:  protocols = UNLABELED CIPSOv4 CALIPSO
[    0.588282] NetLabel:  unlabeled traffic allowed by default
[    0.596340] clocksource: Switched to clocksource kvm-clock
[    0.619280] VFS: Disk quotas dquot_6.6.0
[    0.619280] VFS: Dquot-cache hash table entries: 512 (order 0, 4096 bytes)
[    0.619280] AppArmor: AppArmor Filesystem Enabled
[    0.619280] pnp: PnP ACPI init
[    0.619280] pnp: PnP ACPI: found 3 devices
[    0.705236] clocksource: acpi_pm: mask: 0xffffff max_cycles: 0xffffff, max_idle_ns: 2085701024 ns
[    0.713830] NET: Registered protocol family 2
[    0.717701] IP idents hash table entries: 65536 (order: 7, 524288 bytes)
[    0.732669] TCP established hash table entries: 32768 (order: 6, 262144 bytes)
[    0.740140] TCP bind hash table entries: 32768 (order: 7, 524288 bytes)
[    0.742897] TCP: Hash tables configured (established 32768 bind 32768)
[    0.742897] UDP hash table entries: 2048 (order: 4, 65536 bytes)
[    0.742897] UDP-Lite hash table entries: 2048 (order: 4, 65536 bytes)
[    0.742897] NET: Registered protocol family 1
[    0.742897] pci 0000:00:00.0: Limiting direct PCI/PCI transfers
[    0.742897] pci 0000:00:01.0: Activating ISA DMA hang workarounds
[    0.742897] pci 0000:00:02.0: Video device with shadowed ROM at [mem 0x000c0000-0x000dffff]
[    0.742897] Unpacking initramfs...
[    1.347252] Freeing initrd memory: 19532K
[    1.351901] PCI-DMA: Using software bounce buffering for IO (SWIOTLB)
[    1.360222] software IO TLB: mapped [mem 0xdbff0000-0xdfff0000] (64MB)
[    1.368273] clocksource: tsc: mask: 0xffffffffffffffff max_cycles: 0x28680e0a5c3, max_idle_ns: 440795346756 ns
[    1.374643] platform rtc_cmos: registered platform RTC device (no PNP device found)
[    1.380284] Scanning for low memory corruption every 60 seconds
[    1.386748] Initialise system trusted keyrings
[    1.390135] Key type blacklist registered
[    1.393746] workingset: timestamp_bits=36 max_order=20 bucket_order=0
[    1.405080] zbud: loaded
[    1.411224] squashfs: version 4.0 (2009/01/31) Phillip Lougher
[    1.419162] fuse init (API version 7.26)
[    1.466892] Key type asymmetric registered
[    1.473296] Asymmetric key parser 'x509' registered
[    1.481686] Block layer SCSI generic (bsg) driver version 0.4 loaded (major 246)
[    1.486905] io scheduler noop registered
[    1.489787] io scheduler deadline registered
[    1.492329] io scheduler cfq registered (default)
[    1.497100] ACPI: AC Adapter [AC] (on-line)
[    1.500509] input: Power Button as /devices/LNXSYSTM:00/LNXPWRBN:00/input/input0
[    1.505599] ACPI: Power Button [PWRF]
[    1.508467] input: Sleep Button as /devices/LNXSYSTM:00/LNXSLPBN:00/input/input1
[    1.513977] ACPI: Sleep Button [SLPF]
[    1.517862] Serial: 8250/16550 driver, 32 ports, IRQ sharing enabled
[    1.519368] ACPI: Battery Slot [BAT0] (battery present)
[    1.550369] 00:02: ttyS0 at I/O 0x3f8 (irq = 4, base_baud = 115200) is a 16550A
[    1.553772] Linux agpgart interface v0.103
[    1.565531] loop: module loaded
[    1.570458] scsi host0: ata_piix
[    1.575349] scsi host1: ata_piix
[    1.578094] ata1: PATA max UDMA/33 cmd 0x1f0 ctl 0x3f6 bmdma 0xd000 irq 14
[    1.587283] ata2: PATA max UDMA/33 cmd 0x170 ctl 0x376 bmdma 0xd008 irq 15
[    1.596757] tun: Universal TUN/TAP device driver, 1.6
[    1.600890] PPP generic driver version 2.4.2
[    1.604700] ehci_hcd: USB 2.0 'Enhanced' Host Controller (EHCI) Driver
[    1.604700] ehci-pci: EHCI PCI platform driver
[    1.604700] ehci-platform: EHCI generic platform driver
[    1.604700] ohci_hcd: USB 1.1 'Open' Host Controller (OHCI) Driver
[    1.604700] ohci-pci: OHCI PCI platform driver
[    1.604700] ohci-platform: OHCI generic platform driver
[    1.604700] uhci_hcd: USB Universal Host Controller Interface driver
[    1.604700] i8042: PNP: PS/2 Controller [PNP0303:PS2K,PNP0f03:PS2M] at 0x60,0x64 irq 1,12
[    1.604700] serio: i8042 KBD port at 0x60,0x64 irq 1
[    1.604700] serio: i8042 AUX port at 0x60,0x64 irq 12
[    1.604700] mousedev: PS/2 mouse device common for all mice
[    1.652742] rtc_cmos rtc_cmos: rtc core: registered rtc_cmos as rtc0
[    1.661205] rtc_cmos rtc_cmos: alarms up to one day, 114 bytes nvram
[    1.667527] input: AT Translated Set 2 keyboard as /devices/platform/i8042/serio0/input/input2
[    1.668794] i2c /dev entries driver
[    1.680534] device-mapper: uevent: version 1.0.3
[    1.684898] device-mapper: ioctl: 4.37.0-ioctl (2017-09-20) initialised: dm-devel@redhat.com
[    1.691749] ledtrig-cpu: registered to indicate activity on CPUs
[    1.698454] NET: Registered protocol family 10
[    1.712590] Segment Routing with IPv6
[    1.717138] NET: Registered protocol family 17
[    1.722602] Key type dns_resolver registered
[    1.726306] mce: Using 0 MCE banks
[    1.728650] RAS: Correctable Errors collector initialized.
[    1.731926] sched_clock: Marking stable (1728576654, 0)->(3001828480, -1273251826)
[    1.741467] registered taskstats version 1
[    1.743980] Loading compiled-in X.509 certificates
[    1.751260] Loaded X.509 cert 'Build time autogenerated kernel key: 29e5beaa583364da097e68c9386761f80dbce7ef'
[    1.760950] Loaded X.509 cert 'Canonical Ltd. Live Patch Signing: 14df34d1a87cf37625abec039ef2bf521249b969'
[    1.769429] Loaded X.509 cert 'Canonical Ltd. Kernel Module Signing: 88f752e560a1e0737e31163a466ad7b70a850c19'
[    1.775667] blacklist: Loading compiled-in revocation X.509 certificates
[    1.780532] Loaded X.509 cert 'Canonical Ltd. Secure Boot Signing: 61482aa2830d0ab2ad5af10b7250da9033ddcef0'
[    1.787875] zswap: loaded using pool lzo/zbud
[    1.821846] Key type big_key registered
[    1.828685] Key type trusted registered
[    1.834497] Key type encrypted registered
[    1.837797] AppArmor: AppArmor sha1 policy hashing enabled
[    1.843609] ima: No TPM chip found, activating TPM-bypass! (rc=-19)
[    1.849444] ima: Allocated hash algorithm: sha1
[    1.853527] evm: HMAC attrs: 0x1
[    1.857094]   Magic number: 2:967:324
[    1.861805] tty tty49: hash matches
[    1.865086] acpi PNP0B00:00: hash matches
[    1.870020] rtc_cmos rtc_cmos: setting system clock to 2022-12-08 10:19:48 UTC (1670494788)
[    1.875863] BIOS EDD facility v0.16 2004-Jun-25, 0 devices found
[    1.879897] EDD information not available.
[    1.890529] Freeing unused kernel image memory: 2472K
[    1.908442] Write protecting the kernel read-only data: 20480k
[    1.918954] Freeing unused kernel image memory: 2008K
[    1.926989] Freeing unused kernel image memory: 1824K
[    1.937363] x86/mm: Checked W+X mappings: passed, no W+X pages found.
Loading, please wait...
starting version 237
[    2.051179] Fusion MPT base driver 3.04.20
[    2.055981] Copyright (c) 1999-2008 LSI Corporation
[    2.069325] e1000: Intel(R) PRO/1000 Network Driver - version 7.3.21-k8-NAPI
[    2.074586] e1000: Copyright (c) 1999-2006 Intel Corporation.
[    2.088376] Fusion MPT SPI Host driver 3.04.20
[    2.108413] mptbase: ioc0: Initiating bringup
[    2.218349] ioc0: LSI53C1030 A0: Capabilities={Initiator}
[    2.324229] input: ImExPS/2 Generic Explorer Mouse as /devices/platform/i8042/serio1/input/input4
[    2.493955] scsi host2: ioc0: LSI53C1030 A0, FwRev=00000000h, Ports=1, MaxQ=256, IRQ=20
[    2.670987] scsi 2:0:0:0: Direct-Access     VBOX     HARDDISK         1.0  PQ: 0 ANSI: 5
[    2.712198] scsi target2:0:0: Beginning Domain Validation
[    2.725103] scsi target2:0:0: Domain Validation skipping write tests
[    2.730445] scsi target2:0:0: Ending Domain Validation
[    2.735586] scsi target2:0:0: asynchronous
[    2.740325] scsi 2:0:1:0: Direct-Access     VBOX     HARDDISK         1.0  PQ: 0 ANSI: 5
[    3.092619] scsi target2:0:1: Beginning Domain Validation
[    3.112301] scsi target2:0:1: Domain Validation skipping write tests
[    3.118531] scsi target2:0:1: Ending Domain Validation
[    3.128525] scsi target2:0:1: asynchronous
[    3.159339] sd 2:0:0:0: Attached scsi generic sg0 type 0
[    3.167217] sd 2:0:1:0: Attached scsi generic sg1 type 0
[    3.171892] sd 2:0:0:0: [sda] 83886080 512-byte logical blocks: (42.9 GB/40.0 GiB)
[    3.178146] sd 2:0:1:0: [sdb] 20480 512-byte logical blocks: (10.5 MB/10.0 MiB)
[    3.184885] sd 2:0:0:0: [sda] Write Protect is off
[    3.189483] sd 2:0:1:0: [sdb] Write Protect is off
[    3.194321] sd 2:0:0:0: [sda] Incomplete mode parameter data
[    3.202368] sd 2:0:0:0: [sda] Assuming drive cache: write through
[    3.208549] sd 2:0:1:0: [sdb] Incomplete mode parameter data
[    3.213417] sd 2:0:1:0: [sdb] Assuming drive cache: write through
[    3.224876]  sda: sda1
[    3.233959] sd 2:0:0:0: [sda] Attached SCSI disk
[    3.238086] sd 2:0:1:0: [sdb] Attached SCSI disk
[    3.442343] e1000 0000:00:03.0 eth0: (PCI:33MHz:32-bit) 02:3f:e1:bf:8b:47
[    3.450817] e1000 0000:00:03.0 eth0: Intel(R) PRO/1000 Network Connection
[    4.222784] e1000 0000:00:08.0 eth1: (PCI:33MHz:32-bit) 08:00:27:c4:1c:20
[    4.231802] e1000 0000:00:08.0 eth1: Intel(R) PRO/1000 Network Connection
[    4.247223] e1000 0000:00:08.0 enp0s8: renamed from eth1
[    8.917253] e1000 0000:00:03.0 enp0s3: renamed from eth0
Begin: Loading essential drivers ... [   11.232868] raid6: sse2x1   gen() 11535 MB/s
[   11.286182] raid6: sse2x1   xor()  4930 MB/s
[   11.338873] raid6: sse2x2   gen() 15024 MB/s
[   11.401077] raid6: sse2x2   xor() 12807 MB/s
[   11.464339] raid6: sse2x4   gen() 18959 MB/s
[   11.870754] raid6: sse2x4   xor() 60258 MB/s
[   11.879198] raid6: using algorithm sse2x4 gen() 18959 MB/s
[   11.884937] raid6: .... xor() 60258 MB/s, rmw enabled
[   11.891925] raid6: using ssse3x2 recovery algorithm
[   11.902306] xor: measuring software checksum speed
[   11.948263]    prefetch64-sse: 10293.000 MB/sec
[   11.992134]    generic_sse: 10803.000 MB/sec
[   11.999577] xor: using function: generic_sse (10803.000 MB/sec)
[   12.008305] async_tx: api initialized (async)
done.
Begin: Running /scripts/init-premount ... done.
Begin: Mounting root file system ... Begin: Running /scripts/local-top ... done.
Begin: Running /scripts/local-premount ... [   12.089803] Btrfs loaded, crc32c=crc32c-intel
Scanning for Btrfs filesystems
done.
Warning: fsck not present, so skipping root file system
[   12.158444] EXT4-fs (sda1): mounted filesystem with ordered data mode. Opts: (null)
done.
Begin: Running /scripts/local-bottom ... done.
Begin: Running /scripts/init-bottom ... done.
[   12.400105] ip_tables: (C) 2000-2006 Netfilter Core Team
[   12.414227] systemd[1]: systemd 237 running in system mode. (+PAM +AUDIT +SELINUX +IMA +APPARMOR +SMACK +SYSVINIT +UTMP +LIBCRYPTSETUP +GCRYPT +GNUTLS +ACL +XZ +LZ4 +SECCOMP +BLKID +ELFUTILS +KMOD -IDN2 +IDN -PCRE2 default-hierarchy=hybrid)
[   12.426351] systemd[1]: Detected virtualization oracle.
[   12.430047] systemd[1]: Detected architecture x86-64.

Welcome to [1mUbuntu 18.04.6 LTS[0m!

[   12.467548] systemd[1]: Set hostname to <ubuntu>.
[   12.481441] random: systemd: uninitialized urandom read (16 bytes read)
[   12.485604] systemd[1]: Initializing machine ID from random generator.
[   12.489927] systemd[1]: Installed transient /etc/machine-id file.
[   12.830904] random: systemd: uninitialized urandom read (16 bytes read)
[   12.835321] systemd[1]: Reached target System Time Synchronized.
[[0;32m  OK  [0m] Reached target System Time Synchronized.
[   12.840432] random: systemd: uninitialized urandom read (16 bytes read)
[   12.844721] systemd[1]: Reached target User and Group Name Lookups.
[[0;32m  OK  [0m] Reached target User and Group Name Lookups.
[   12.859353] systemd[1]: Created slice System Slice.
[[0;32m  OK  [0m] Created slice System Slice.
[   12.864852] systemd[1]: Listening on Syslog Socket.
[[0;32m  OK  [0m] Listening on Syslog Socket.
[[0;32m  OK  [0m] Listening on Journal Socket (/dev/log).
[[0;32m  OK  [0m] Listening on Device-mapper event daemon FIFOs.
[[0;32m  OK  [0m] Listening on udev Control Socket.
[[0;32m  OK  [0m] Listening on Journal Socket.
         Starting Uncomplicated firewall...
         Mounting POSIX Message Queue File System...
         Mounting Huge Pages File System...
[[0;32m  OK  [0m] Listening on LVM2 poll daemon socket.
         Starting Create list of required stâ€¦ce nodes for the current kernel...
[[0;32m  OK  [0m] Listening on Journal Audit Socket.
         Starting Journal Service...
[[0;32m  OK  [0m] Listening on fsck to fsckd communication Socket.
[[0;32m  OK  [0m] Reached target Swap.
[[0;32m  OK  [0m] Listening on /dev/initctl Compatibility Named Pipe.
[[0;32m  OK  [0m] Set up automount Arbitrary Executabâ€¦rmats File System Automount Point.
[[0;32m  OK  [0m] Created slice User and Session Slice.
[[0;32m  OK  [0m] Reached target Slices.
[[0;32m  OK  [0m] Created slice system-serial\x2dgetty.slice.
[[0;32m  OK  [0m] Listening on LVM2 metadata daemon socket.
         Starting File System Check on Root Device...
[[0;32m  OK  [0m] Listening on udev Kernel Socket.
         Starting udev Coldplug all Devices...
         Mounting Kernel Debug File System...
         Starting Monitoring of LVM2 mirrorsâ€¦ng dmeventd or progress polling...
         Starting Load Kernel Modules...
[[0;32m  OK  [0m] Listening on Network Service Netlink Socket.
         Starting Set the console keyboard layout...
[[0;32m  OK  [0m] Started Forward Password Requests to Wall Directory Watch.
[[0;32m  OK  [0m] Started Journal Service.
[[0;32m  OK  [0m] Started Uncomplicated firewall.
[[0;32m  OK  [0m] Mounted POSIX Message Queue File System.
[[0;32m  OK  [0m] Mounted Huge Pages File System.
[[0;32m  OK  [0m] Started Create list of required staâ€¦vice nodes for the current kernel.
[[0;32m  OK  [0m] Started File System Check on Root Device.
[[0;32m  OK  [0m] Mounted Kernel Debug File System.
[[0;32m  OK  [0m] Started LVM2 metadata daemon.
[[0;32m  OK  [0m] Started File System Check Daemon to report status.
         Starting Remount Root and Kernel File Systems...
         Starting Create Static Device Nodes in /dev...
[[0;32m  OK  [0m] Started udev Coldplug all Devices.
[[0;32m  OK  [0m] Started Create Static Device Nodes in /dev.
[   13.134666] Loading iSCSI transport class v2.0-870.
[   13.144593] iscsi: registered transport (tcp)
[   13.167260] iscsi: registered transport (iser)
[   13.171639] EXT4-fs (sda1): re-mounted. Opts: (null)
[[0;32m  OK  [0m] Started Load Kernel Modules.
[[0;32m  OK  [0m] Started Remount Root and Kernel File Systems.
         Starting udev Kernel Device Manager...
         Starting Load/Save Random Seed...
         Starting Flush Journal to Persistent Storage...
         Mounting Kernel Configuration File System...
         Starting Apply Kernel Variables...
         Mounting FUSE Control File System...
[[0;32m  OK  [0m] Started Monitoring of LVM2 mirrors,â€¦sing dmeventd or progress polling.
[[0;32m  OK  [0m] Mounted Kernel Configuration File System.
[[0;32m  OK  [0m] Mounted FUSE Control File System.
[[0;32m  OK  [0m] Started udev Kernel Device Manager.
[[0;32m  OK  [0m] Started Load/Save Random Seed.
[   13.285532] systemd-journald[392]: Received request to flush runtime journal from PID 1
[[0;32m  OK  [0m] Started Apply Kernel Variables.
[[0;32m  OK  [0m] Started Flush Journal to Persistent Storage.
[[0;32m  OK  [0m] Started Set the console keyboard layout.
[[0;32m  OK  [0m] Started Dispatch Password Requests to Console Directory Watch.
[[0;32m  OK  [0m] Reached target Local Encrypted Volumes.
[[0;32m  OK  [0m] Reached target Local File Systems (Pre).
[[0;32m  OK  [0m] Reached target Local File Systems.
         Starting ebtables ruleset management...
         Starting Set console font and keymap...
         Starting Commit a transient machine-id on disk...
         Starting AppArmor initialization...
         Starting Tell Plymouth To Write Out Runtime Data...
         Starting Create Volatile Files and Directories...
[[0;32m  OK  [0m] Started Set console font and keymap.
[[0;32m  OK  [0m] Found device /dev/ttyS0.
[[0;32m  OK  [0m] Started Tell Plymouth To Write Out Runtime Data.
[[0;32m  OK  [0m] Started Commit a transient machine-id on disk.
[[0;32m  OK  [0m] Started Create Volatile Files and Directories.
[[0;32m  OK  [0m] Listening on Load/Save RF Kill Switch Status /dev/rfkill Watch.
         Starting Update UTMP about System Boot/Shutdown...
[[0;32m  OK  [0m] Started Update UTMP about System Boot/Shutdown.
[[0;32m  OK  [0m] Started ebtables ruleset management.
         Mounting Arbitrary Executable File Formats File System...
[[0;32m  OK  [0m] Mounted Arbitrary Executable File Formats File System.
[[0;32m  OK  [0m] Started AppArmor initialization.
         Starting Load AppArmor profiles managed internally by snapd...
         Starting Initial cloud-init job (pre-networking)...
[[0;32m  OK  [0m] Started Load AppArmor profiles managed internally by snapd.
[   16.272719] cloud-init[563]: Cloud-init v. 22.3.4-0ubuntu1~18.04.1 running 'init-local' at Thu, 08 Dec 2022 10:20:02 +0000. Up 15.82 seconds.
[[0;32m  OK  [0m] Started Initial cloud-init job (pre-networking).
[[0;32m  OK  [0m] Reached target Network (Pre).
         Starting Network Service...
[[0;32m  OK  [0m] Started Network Service.
         Starting Wait for Network to be Configured...
         Starting Network Name Resolution...
[[0;32m  OK  [0m] Started Network Name Resolution.
[[0;32m  OK  [0m] Reached target Network.
[[0;32m  OK  [0m] Reached target Host and Network Name Lookups.
[[0;32m  OK  [0m] Started Wait for Network to be Configured.
         Starting Initial cloud-init job (metadata service crawler)...
[   18.437305] cloud-init[674]: Cloud-init v. 22.3.4-0ubuntu1~18.04.1 running 'init' at Thu, 08 Dec 2022 10:20:04 +0000. Up 18.29 seconds.
[   18.440250] cloud-init[674]: ci-info: ++++++++++++++++++++++++++++++++++++++Net device info+++++++++++++++++++++++++++++++++++++++
[   18.443962] cloud-init[674]: ci-info: +--------+-------+----------------------------+---------------+--------+-------------------+
[   18.448433] cloud-init[674]: ci-info: | Device |   Up  |          Address           |      Mask     | Scope  |     Hw-Address    |
[   18.452620] cloud-init[674]: ci-info: +--------+-------+----------------------------+---------------+--------+-------------------+
[   18.456964] cloud-init[674]: ci-info: | enp0s3 |  True |         10.0.2.15          | 255.255.255.0 | global | 02:3f:e1:bf:8b:47 |
[   18.460310] cloud-init[674]: ci-info: | enp0s3 |  True | fe80::3f:e1ff:febf:8b47/64 |       .       |  link  | 02:3f:e1:bf:8b:47 |
[   18.463746] cloud-init[674]: ci-info: | enp0s8 | False |             .              |       .       |   .    | 08:00:27:c4:1c:20 |
[   18.467191] cloud-init[674]: ci-info: |   lo   |  True |         127.0.0.1          |   255.0.0.0   |  host  |         .         |
[   18.471040] cloud-init[674]: ci-info: |   lo   |  True |          ::1/128           |       .       |  host  |         .         |
[   18.474915] cloud-init[674]: ci-info: +--------+-------+----------------------------+---------------+--------+-------------------+
[   18.477703] cloud-init[674]: ci-info: ++++++++++++++++++++++++++++Route IPv4 info+++++++++++++++++++++++++++++
[   18.480317] cloud-init[674]: ci-info: +-------+-------------+----------+-----------------+-----------+-------+
[   18.483005] cloud-init[674]: ci-info: | Route | Destination | Gateway  |     Genmask     | Interface | Flags |
[   18.486007] cloud-init[674]: ci-info: +-------+-------------+----------+-----------------+-----------+-------+
[   18.488835] cloud-init[674]: ci-info: |   0   |   0.0.0.0   | 10.0.2.2 |     0.0.0.0     |   enp0s3  |   UG  |
[   18.491622] cloud-init[674]: ci-info: |   1   |   10.0.2.0  | 0.0.0.0  |  255.255.255.0  |   enp0s3  |   U   |
[   18.494093] cloud-init[674]: ci-info: |   2   |   10.0.2.2  | 0.0.0.0  | 255.255.255.255 |   enp0s3  |   UH  |
[   18.496657] cloud-init[674]: ci-info: +-------+-------------+----------+-----------------+-----------+-------+
[   18.499663] cloud-init[674]: ci-info: +++++++++++++++++++Route IPv6 info+++++++++++++++++++
[   18.501876] cloud-init[674]: ci-info: +-------+-------------+---------+-----------+-------+
[   18.503635] cloud-init[674]: ci-info: | Route | Destination | Gateway | Interface | Flags |
[   18.505949] cloud-init[674]: ci-info: +-------+-------------+---------+-----------+-------+
[   18.508404] cloud-init[674]: ci-info: |   1   |  fe80::/64  |    ::   |   enp0s3  |   U   |
[   18.510607] cloud-init[674]: ci-info: |   3   |    local    |    ::   |   enp0s3  |   U   |
[   18.512542] cloud-init[674]: ci-info: |   4   |   ff00::/8  |    ::   |   enp0s3  |   U   |
[   18.514978] cloud-init[674]: ci-info: +-------+-------------+---------+-----------+-------+
[   19.530527] cloud-init[674]: Generating public/private rsa key pair.
[   19.535430] cloud-init[674]: Your identification has been saved in /etc/ssh/ssh_host_rsa_key.
[   19.542003] cloud-init[674]: Your public key has been saved in /etc/ssh/ssh_host_rsa_key.pub.
[   19.551581] cloud-init[674]: The key fingerprint is:
[   19.559427] cloud-init[674]: SHA256:hesvX6F6VqCq+elRN1L8CL/0uviORUVAePvubIrSYWk root@ubuntu-bionic
[   19.566880] cloud-init[674]: The key's randomart image is:
[   19.572940] cloud-init[674]: +---[RSA 2048]----+
[   19.578235] cloud-init[674]: |         oo..    |
[   19.582706] cloud-init[674]: |        .o..     |
[   19.587491] cloud-init[674]: |        o.+..    |
[   19.592834] cloud-init[674]: |         *o+     |
[   19.596310] cloud-init[674]: |        SoBoo    |
[   19.606866] cloud-init[674]: |       oE= =o.   |
[   19.611617] cloud-init[674]: |      .=..+oo    |
[   19.616080] cloud-init[674]: |     .oooBo+o    |
[   19.622718] cloud-init[674]: |    o++.=BO=o    |
[   19.628011] cloud-init[[674]: +----[SHA256]-----+
[   19.637657] cloud-init[674]: Generating public/private dsa key pair.
[   19.640723] cloud-init[674]: Your identification has been saved in /etc/ssh/ssh_host_dsa_key.
[   19.641024] cloud-init[674]: Your public key has been saved in /etc/ssh/ssh_host_dsa_key.pub.
[   19.641362] cloud-init[674]: The key fingerprint is:
[   19.641696] cloud-init[674]: SHA256:h95oCCG7akvjhVfsZgEV7wZiJpI4XjjWoB1hi5ol/HU root@ubuntu-bionic
[   19.642057] cloud-init[674]: The key's randomart image is:
[   19.642621] cloud-init[674]: +---[DSA 1024]----+
[   19.643472] cloud-init[674]: | .+. o.          |
[   19.645673] cloud-init[674]: |+=+o. .          |
[   19.646876] cloud-init[674]: |O*=B.o E         |
[   19.648572] cloud-init[674]: |==Bo=.+  .       |
[   19.648896] cloud-init[674]: |o....+ oS .      |
[   19.649259] cloud-init[674]: |  ..o.oo +       |
[   19.649884] cloud-init[674]: | +.o +. + .      |
[   19.650745] cloud-init[674]: |oo+ o  .         |
[   19.651640] cloud-init[674]: |oo.              |
[   19.653907] cloud-init[674]: +----[SHA256]-----+
[   19.655049] cloud-init[674]: Generating public/private ecdsa key pair.
[   19.656688] cloud-init[674]: Your identification has been saved in /etc/ssh/ssh_host_ecdsa_key.
[   19.657471] cloud-init[674]: Your public key has been saved in /etc/ssh/ssh_host_ecdsa_key.pub.
[   19.658337] cloud-init[674]: The key fingerprint is:
[   19.658640] cloud-init[674]: SHA256:2HW0dAIWKy9z10J85EK+SGmXzNWzdps0nRalLhdxaUE root@ubuntu-bionic
[   19.659788] cloud-init[674]: The key's randomart image is:
[   19.662299] cloud-init[674]: +---[ECDSA 256]---+
[   19.663278] cloud-init[674]: |          +o= *E*|
[   19.664723] cloud-init[674]: |         . @ O O.|
[   19.665003] cloud-init[674]: |        . * % * *|
[   19.665365] cloud-init[674]: |       o * = * Oo|
[   19.665394] cloud-init[674]: |      . S + = B =|
[   19.665414] cloud-init[674]: |         + . + o |
[   19.665433] cloud-init[674]: |                 |
[   19.665451] cloud-init[674]: |                 |
[   19.665468] cloud-init[674]: |                 |
[   19.665486] cloud-init[674]: +----[SHA256]-----+
[   19.665860] cloud-init[674]: Generating public/private ed25519 key pair.
[   19.666202] cloud-init[674]: Your identification has been saved in /etc/ssh/ssh_host_ed25519_key.
[   19.666547] cloud-init[674]: Your public key has been saved in /etc/ssh/ssh_host_ed25519_key.pub.
[   19.666916] cloud-init[674]: The key fingerprint is:
[   19.667740] cloud-init[674]: SHA256:qhbXQu5MQDaAlIIG/01c9YZCi8vTtwyvsyz2LeJrCyY root@ubuntu-bionic
[   19.670079] cloud-init[674]: The key's randomart image is:
[   19.671242] cloud-init[674]: +--[ED25519 256]--+
[   19.671925] cloud-init[674]: |=oo.    o..      |
[   19.673626] cloud-init[674]: |++  +. + . o     |
[   19.673956] cloud-init[674]: |o .o .+ o . o    |
[   19.674279] cloud-init[674]: |   ..+.o . .     |
[   19.674611] cloud-init[674]: |    .+=.S .      |
[   19.674969] cloud-init[674]: |    . =o.= .     |
[   19.675743] cloud-init[674]: |  E o*..  +      |
[   19.677678] cloud-init[674]: |   o.oB.oo       |
[   19.678764] cloud-init[674]: |   ..++*=+.      |
[   19.679814] cloud-init[674]: +----[SHA256]-----+
[0;32m  OK  [0m] Started Initial cloud-init job (metadata service crawler).
[[0;32m  OK  [0m] Reached target System Initialization.
[[0;32m  OK  [0m] Started Discard unused blocks once a week.
[[0;32m  OK  [0m] Listening on ACPID Listen Socket.
         Starting Socket activation for snappy daemon.
[[0;32m  OK  [0m] Started Daily apt download activities.
[[0;32m  OK  [0m] Listening on UUID daemon activation socket.
[[0;32m  OK  [0m] Started Daily Cleanup of Temporary Directories.
[[0;32m  OK  [0m] Started Daily apt upgrade and clean activities.
[[0;32m  OK  [0m] Listening on Open-iSCSI iscsid Socket.
[[0;32m  OK  [0m] Listening on cloud-init hotplug hook socket.
[[0;32m  OK  [0m] Started ACPI Events Check.
[[0;32m  OK  [0m] Started Ubuntu Advantage Timer for running repeated jobs.
[[0;32m  OK  [0m] Reached target Paths.
         Starting LXD - unix socket.
[[0;32m  OK  [0m] Started Message of the Day.
[[0;32m  OK  [0m] Reached target Timers.
[[0;32m  OK  [0m] Listening on D-Bus System Message Bus Socket.
[[0;32m  OK  [0m] Reached target Network is Online.
[[0;32m  OK  [0m] Reached target Remote File Systems (Pre).
[[0;32m  OK  [0m] Reached target Remote File Systems.
         Starting Availability of block devices...
[[0;32m  OK  [0m] Reached target Cloud-config availability.
[[0;32m  OK  [0m] Listening on Socket activation for snappy daemon.
[[0;32m  OK  [0m] Listening on LXD - unix socket.
[[0;32m  OK  [0m] Started Availability of block devices.
[[0;32m  OK  [0m] Reached target Sockets.
[[0;32m  OK  [0m] Reached target Basic System.
         Starting Login Service...
[[0;32m  OK  [0m] Started irqbalance daemon.
         Starting Snap Daemon...
[[0;32m  OK  [0m] Reached target Login Prompts (Pre).
[[0;32m  OK  [0m] Started Regular background program processing daemon.
         Starting Accounts Service...
         Starting LSB: automatic crash report generation...
[[0;32m  OK  [0m] Started D-Bus System Message Bus.
         Starting Permit User Sessions...
[[0;32m  OK  [0m] Started Deferred execution scheduler.
         Starting LXD - container startup/shutdown...
         Starting System Logging Service...
         Starting LSB: Record successful boot for GRUB...
         Starting Dispatcher daemon for systemd-networkd...
         Starting Virtualbox guest utils...
         Starting Pollinate to seed the pseudo random number generator...
[[0;32m  OK  [0m] Started FUSE filesystem for LXC.
[[0;32m  OK  [0m] Started System Logging Service.
[[0;32m  OK  [0m] Started Permit User Sessions.
[[0;32m  OK  [0m] Started Login Service.
         Starting Authorization Manager...
[[0;32m  OK  [0m] Started Unattended Upgrades Shutdown.
         Starting Terminate Plymouth Boot Screen...
         Starting Hold until boot process finishes up...
[[0;32m  OK  [0m] Started Terminate Plymouth Boot Screen.
[[0;32m  OK  [0m] Started Hold until boot process finishes up.
[[0;32m  OK  [0m] Started Serial Getty on ttyS0.
         Starting Set console scheme...
[[0;32m  OK  [0m] Started LSB: automatic crash report generation.
[[0;32m  OK  [0m] Started LSB: Record successful boot for GRUB.
[[0;32m  OK  [0m] Started Set console scheme.
[[0;32m  OK  [0m] Created slice system-getty.slice.
[[0;32m  OK  [0m] Started Getty on tty1.
[[0;32m  OK  [0m] Reached target Login Prompts.
[[0;32m  OK  [0m] Started Virtualbox guest utils.
[[0;32m  OK  [0m] Started LXD - container startup/shutdown.
[[0;32m  OK  [0m] Started Authorization Manager.
[[0;32m  OK  [0m] Started Accounts Service.
[[0;32m  OK  [0m] Started Dispatcher daemon for systemd-networkd.
[[0;32m  OK  [0m] Started Snap Daemon.
         Starting Wait until snapd is fully seeded...
[[0;32m  OK  [0m] Started Pollinate to seed the pseudo random number generator.
         Starting OpenBSD Secure Shell server...
[[0;32m  OK  [0m] Started OpenBSD Secure Shell server.
         Starting Time & Date Service...
[[0;32m  OK  [0m] Started Time & Date Service.
[[0;32m  OK  [0m] Created slice User Slice of vagrant.
         Starting User Manager for UID 1000...
[[0;32m  OK  [0m] Started Session 1 of user vagrant.
[[0;32m  OK  [0m] Started User Manager for UID 1000.
[[0;32m  OK  [0m] Started Wait until snapd is fully seeded.
         Starting Apply the settings specified in cloud-config...
[   26.552351] cloud-init[1235]: Cloud-init v. 22.3.4-0ubuntu1~18.04.1 running 'modules:config' at Thu, 08 Dec 2022 10:20:11 +0000. Up 25.12 seconds.

Ubuntu 18.04.6 LTS ubuntu-bionic ttyS0

ubuntu-bionic login: ci-info: no authorized SSH keys fingerprints found for user ubuntu.
<14>Dec  8 10:20:14 cloud-init: #############################################################
<14>Dec  8 10:20:14 cloud-init: -----BEGIN SSH HOST KEY FINGERPRINTS-----
<14>Dec  8 10:20:14 cloud-init: 1024 SHA256:h95oCCG7akvjhVfsZgEV7wZiJpI4XjjWoB1hi5ol/HU root@ubuntu-bionic (DSA)
<14>Dec  8 10:20:14 cloud-init: 256 SHA256:2HW0dAIWKy9z10J85EK+SGmXzNWzdps0nRalLhdxaUE root@ubuntu-bionic (ECDSA)
<14>Dec  8 10:20:14 cloud-init: 256 SHA256:qhbXQu5MQDaAlIIG/01c9YZCi8vTtwyvsyz2LeJrCyY root@ubuntu-bionic (ED25519)
<14>Dec  8 10:20:14 cloud-init: 2048 SHA256:hesvX6F6VqCq+elRN1L8CL/0uviORUVAePvubIrSYWk root@ubuntu-bionic (RSA)
<14>Dec  8 10:20:14 cloud-init: -----END SSH HOST KEY FINGERPRINTS-----
<14>Dec  8 10:20:14 cloud-init: #############################################################
-----BEGIN SSH HOST KEY KEYS-----
ecdsa-sha2-nistp256 AAAAE2VjZHNhLXNoYTItbmlzdHAyNTYAAAAIbmlzdHAyNTYAAABBBGr7MuANRJvSI54w7TUY+0xRmAxTe9P4b7nyXznHH6Ud7xEpG3/uNtbFwKyEeOtld/YgOSUo4Xz0WVW3nBv4MNE= root@ubuntu-bionic
ssh-ed25519 AAAAC3NzaC1lZDI1NTE5AAAAIDKjPk9iZaA4zTjVNtSdLAnOKsWUGHX4l1rE/h8MjH9A root@ubuntu-bionic
ssh-rsa AAAAB3NzaC1yc2EAAAADAQABAAABAQDJmifCIu2l+kDTK1lXsYD0h7n/MbEgu3QbkeSg0BIm8LEmzXTDPGXN/zfGXQCrKl18H0aE5/ZBivVFlDefPNzJ9oCiyHurhyZlHFeXovNAJhTKX91X+QqhJYmjVW5k50s+f8NhME+veIe7KA2+XhHKe9pRAEjrh9OsqROhw1ubAy5[[0;32m  OK  [0m] Stopped target Timers.
[[0;32m  OK  [0m] Stopped Daily Cleanup of Temporary Directories.
[[0;32m  OK  [0m] Stopped Daily apt upgrade and clean activities.
         Stopping Authorization Manager...
[[0;32m  OK  [0m] Stopped Daily apt download activities.
[[0;32m  OK  [0m] Stopped Discard unused blocks once a week.
[[0;32m  OK  [0m] Stopped Message of the Day.
[[0;32m  OK  [0m] Stopped target Host and Network Name Lookups.
[[0;32m  OK  [0m] Stopped target Cloud-init target.
         Stopping Availability of block devices...
[[0;32m  OK  [0m] Stopped target System Time Synchronized.
[[0;32m  OK  [0m] Stopped target Graphical Interface.
         Stopping Accounts Service...
[[0;32m  OK  [0m] Stopped Ubuntu Advantage Timer for running repeated jobs.
[[0;32m  OK  [0m] Closed Load/Save RF Kill Switch Status /dev/rfkill Watch.
         Stopping User Manager for UID 1000...
         Stopping Session 6 of user vagrant.
[[0;32m  OK  [0m] Stopped Execute cloud user/final scripts.
[[0;32m  OK  [0m] Stopped target Multi-User System.
         Stopping FUSE filesystem for LXC...
         Stopping Virtualbox guest utils...
         Stopping D-Bus System Message Bus...
         Stopping Deferred execution scheduler...
         Stopping LSB: automatic crash report generation...
         Stopping irqbalance daemon...
         Stopping Regular background program processing daemon...
         Stopping LSB: Record successful boot for GRUB...
         Stopping System Logging Service...
         Stopping OpenBSD Secure Shell server...
         Stopping Jenkins Continuous Integration Server...
         Stopping Dispatcher daemon for systemd-networkd...
[[0;32m  OK  [0m] Stopped target Login Prompts.
         Stopping Serial Getty on ttyS0...
         Stopping Getty on tty1...
         Stopping LXD - container startup/shutdown...
[[0;32m  OK  [0m] Stopped Apply the settings specified in cloud-config.
[[0;32m  OK  [0m] Stopped Wait until snapd is fully seeded.
[[0;32m  OK  [0m] Stopped target Cloud-config availability.
[[0;32m  OK  [0m] Unmounted /var/lib/lxcfs.
[[0;32m  OK  [0m] Stopped Deferred execution scheduler.
[[0;32m  OK  [0m] Stopped irqbalance daemon.
[[0;32m  OK  [0m] Stopped Regular background program processing daemon.
[[0;32m  OK  [0m] Stopped Dispatcher daemon for systemd-networkd.
[[0;32m  OK  [0m] Stopped OpenBSD Secure Shell server.
[[0;32m  OK  [0m] Stopped Accounts Service.
[[0;32m  OK  [0m] Stopped Authorization Manager.
[[0;32m  OK  [0m] Stopped Serial Getty on ttyS0.
[[0;32m  OK  [0m] Stopped System Logging Service.
[[0;32m  OK  [0m] Stopped Getty on tty1.
[[0;32m  OK  [0m] Stopped User Manager for UID 1000.
[[0;32m  OK  [0m] Stopped Availability of block devices.
[[0;32m  OK  [0m] Stopped D-Bus System Message Bus.
[[0;32m  OK  [0m] Stopped FUSE filesystem for LXC.
[[0;32m  OK  [0m] Stopped Session 6 of user vagrant.
[[0;32m  OK  [0m] Removed slice User Slice of vagrant.
         Stopping Login Service...
[[0;32m  OK  [0m] Removed slice system-getty.slice.
[[0;32m  OK  [0m] Stopped target Login Prompts (Pre).
[[0;32m  OK  [0m] Removed slice system-serial\x2dgetty.slice.
         Stopping Permit User Sessions...
[[0;32m  OK  [0m] Stopped LXD - container startup/shutdown.
[[0;32m  OK  [0m] Stopped Permit User Sessions.
[[0;32m  OK  [0m] Stopped LSB: Record successful boot for GRUB.
[[0;32m  OK  [0m] Stopped Login Service.
[[0;32m  OK  [0m] Stopped target User and Group Name Lookups.
[[0;32m  OK  [0m] Stopped LSB: automatic crash report generation.
[[0;32m  OK  [0m] Stopped target Remote File Systems.
         Unmounting /vagrant...
[[0;32m  OK  [0m] Stopped Virtualbox guest utils.
[[0;32m  OK  [0m] Unmounted /vagrant.
[[0;32m  OK  [0m] Stopped target Network is Online.
[[0;32m  OK  [0m] Stopped target Remote File Systems (Pre).
[[0;32m  OK  [0m] Stopped Jenkins Continuous Integration Server.
[[0;32m  OK  [0m] Stopped target Basic System.
[[0;32m  OK  [0m] Stopped target Paths.
[[0;32m  OK  [0m] Stopped ACPI Events Check.
[[0;32m  OK  [0m] Stopped target Slices.
[[0;32m  OK  [0m] Removed slice User and Session Slice.
[[0;32m  OK  [0m] Stopped target Sockets.
[[0;32m  OK  [0m] Closed D-Bus System Message Bus Socket.
[[0;32m  OK  [0m] Closed LXD - unix socket.
[[0;32m  OK  [0m] Closed ACPID Listen Socket.
[[0;32m  OK  [0m] Closed cloud-init hotplug hook socket.
[[0;32m  OK  [0m] Closed Socket activation for snappy daemon.
[[0;32m  OK  [0m] Closed Syslog Socket.
[[0;32m  OK  [0m] Closed Open-iSCSI iscsid Socket.
[[0;32m  OK  [0m] Closed UUID daemon activation socket.
[[0;32m  OK  [0m] Stopped target Network.
         Stopping Network Name Resolution...
[[0;32m  OK  [0m] Stopped target System Initialization.
         Stopping Update UTMP about System Boot/Shutdown...
[[0;32m  OK  [0m] Stopped Initial cloud-init job (metadata service crawler).
[[0;32m  OK  [0m] Stopped target Local Encrypted Volumes.
[[0;32m  OK  [0m] Stopped Dispatch Password Requests to Console Directory Watch.
[[0;32m  OK  [0m] Stopped Forward Password Requests to Wall Directory Watch.
         Stopping Load/Save Random Seed...
[[0;32m  OK  [0m] Stopped Commit a transient machine-id on disk.
[[0;32m  OK  [0m] Stopped Network Name Resolution.
         Stopping Network Service...
[[0;32m  OK  [0m] Stopped Update UTMP about System Boot/Shutdown.
[[0;32m  OK  [0m] Stopped Create Volatile Files and Directories.
[[0;32m  OK  [0m] Stopped target Local File Systems.
         Unmounting /run/user/1000...
[[0;32m  OK  [0m] Stopped Load/Save Random Seed.
[[0;32m  OK  [0m] Unmounted /run/user/1000.
[[0;32m  OK  [0m] Reached target Unmount All Filesystems.
[[0;32m  OK  [0m] Stopped target Local File Systems (Pre).
         Stopping Monitoring of LVM2 mirrorsâ€¦ng dmeventd or progress polling...
[[0;32m  OK  [0m] Stopped Create Static Device Nodes in /dev.
[[0;32m  OK  [0m] Stopped target Swap.
[[0;32m  OK  [0m] Stopped Monitoring of LVM2 mirrors,â€¦sing dmeventd or progress polling.
         Stopping LVM2 metadata daemon...
[[0;32m  OK  [0m] Stopped LVM2 metadata daemon.
[[0;32m  OK  [0m] Stopped Network Service.
[[0;32m  OK  [0m] Stopped target Network (Pre).
[[0;32m  OK  [0m] Stopped Initial cloud-init job (pre-networking).
[[0;32m  OK  [0m] Stopped Remount Root and Kernel File Systems.
[[0;32m  OK  [0m] Stopped Apply Kernel Variables.
[[0;32m  OK  [0m] Stopped Load Kernel Modules.
[[0;32m  OK  [0m] Reached target Shutdown.
[[0;32m  OK  [0m] Reached target Final Step.
         Starting Power-Off...
[  713.221502] reboot: Power down
...
         Stopping LVM2 metadata daemon...
[[0;32m  OK  [0m] Stopped LVM2 metadata daemon.
[  443.704796] reboot: Power down
